[[[255 255 255 255]
  [255 255 255 255]
  [255 255 255 255]
  ...
  [140 151 142 255]
  [156 166 157 255]
  [158 166 157 255]]

 [[255 255 255 255]
  [255 255 255 255]
  [255 255 255 255]
  ...
  [140 152 142 255]
  [154 165 156 255]
  [157 169 158 255]]

 [[255 255 255 255]
  [255 255 255 255]
  [255 255 255 255]
  ...
  [149 163 152 255]
  [144 159 148 255]
  [147 162 150 255]]

 ...

 [[ 14  27  26 255]
  [ 15  27  26 255]
  [ 20  31  30 255]
  ...
  [  0  11  90 255]
  [  0  11  89 255]
  [  0  11  88 255]]

 [[ 14  25  26 255]
  [ 16  27  28 255]
  [ 17  29  28 255]
  ...
  [  0  11  89 255]
  [  0  11  89 255]
  [  0  13  90 255]]

 [[ 17  24  28 255]
  [ 15  25  27 255]
  [ 16  24  26 255]
  ...
  [  0  10  88 255]
  [  0  13  90 255]
  [  3  17  93 255]]]

[[[255 255 255]
  [255 255 255]
  [255 255 255]
  ...
  [140 151 142]
  [156 166 157]
  [158 166 157]]

 [[255 255 255]
  [255 255 255]
  [255 255 255]
  ...
  [140 152 142]
  [154 165 156]
  [157 169 158]]

 [[255 255 255]
  [255 255 255]
  [255 255 255]
  ...
  [149 163 152]
  [144 159 148]
  [147 162 150]]

 ...

 [[ 14  27  26]
  [ 15  27  26]
  [ 20  31  30]
  ...
  [  0  11  90]
  [  0  11  89]
  [  0  11  88]]

 [[ 14  25  26]
  [ 16  27  28]
  [ 17  29  28]
  ...
  [  0  11  89]
  [  0  11  89]
  [  0  13  90]]

 [[ 17  24  28]
  [ 15  25  27]
  [ 16  24  26]
  ...
  [  0  10  88]
  [  0  13  90]
  [  3  17  93]]]
